src/components/ui/calendar.tsx(45,20): error TS6133: '_props' is declared but its value is never read.
src/components/ui/calendar.tsx(46,21): error TS6133: '_props' is declared but its value is never read.
src/lib/pdf/classic.ts(3,18): error TS6133: 'drawLogo' is declared but its value is never read.
src/lib/pdf/classic.ts(4,35): error TS6133: 'lighten' is declared but its value is never read.
src/lib/pdf/modern.ts(3,18): error TS6133: 'drawLogo' is declared but its value is never read.
src/lib/pdf/modern.ts(9,35): error TS6133: 'contentWidth' is declared but its value is never read.
src/pages/Catalogo.tsx(1,8): error TS6133: 'React' is declared but its value is never read.
src/pages/Clientes.tsx(1,8): error TS6133: 'React' is declared but its value is never read.
src/pages/CriarProposta.tsx(3,10): error TS6133: 'Plus' is declared but its value is never read.
src/pages/CriarProposta.tsx(165,70): error TS2345: Argument of type '{ nome: string; quantidade: number; precoUnitario: number; }[]' is not assignable to parameter of type 'Omit<ItemProposta, "id">[]'.
  Property 'subtotal' is missing in type '{ nome: string; quantidade: number; precoUnitario: number; }' but required in type 'Omit<ItemProposta, "id">'.
src/pages/CriarProposta.tsx(168,65): error TS2345: Argument of type '{ nome: string; quantidade: number; precoUnitario: number; }[]' is not assignable to parameter of type 'Omit<ItemProposta, "id">[]'.
  Property 'subtotal' is missing in type '{ nome: string; quantidade: number; precoUnitario: number; }' but required in type 'Omit<ItemProposta, "id">'.
src/pages/CriarProposta.tsx(420,35): error TS2339: Property 'subtotal' does not exist on type '{ desconto: number; baseTributavel: number; iva: number; total: number; }'.
src/pages/ResumoProposta.tsx(27,43): error TS2345: Argument of type 'string | undefined' is not assignable to parameter of type 'string'.
  Type 'undefined' is not assignable to type 'string'.
src/pages/ResumoProposta.tsx(63,14): error TS2345: Argument of type 'PropostaCompleta' is not assignable to parameter of type 'Proposta'.
  Types of property 'validade' are incompatible.
    Type 'string | null' is not assignable to type 'string | undefined'.
      Type 'null' is not assignable to type 'string | undefined'.
src/services/clienteService.ts(85,15): error TS2345: Argument of type 'Record<string, unknown>' is not assignable to parameter of type 'RejectExcessProperties<{ created_at?: string | undefined; email?: string | null | undefined; empresa?: string | null | undefined; endereco?: string | null | undefined; id?: string | undefined; nome?: string | undefined; nuit?: string | ... 1 more ... | undefined; owner_id?: string | undefined; telefone?: string | .....'.
  Type 'Record<string, unknown>' is not assignable to type '{ [x: string]: never; }'.
    'string' index signatures are incompatible.
      Type 'unknown' is not assignable to type 'never'.
src/services/profileService.ts(51,23): error TS2352: Conversion of type 'string | number | boolean | { [key: string]: Json | undefined; } | Json[] | null' to type 'DadosBancarios' may be a mistake because neither type sufficiently overlaps with the other. If this was intentional, convert the expression to 'unknown' first.
  Type 'Json[]' is missing the following properties from type 'DadosBancarios': ativo, banco, numeroConta, nib
src/services/profileService.ts(52,20): error TS2352: Conversion of type 'string | number | boolean | { [key: string]: Json | undefined; } | Json[] | null' to type 'MobileMoney' may be a mistake because neither type sufficiently overlaps with the other. If this was intentional, convert the expression to 'unknown' first.
  Type 'Json[]' is missing the following properties from type 'MobileMoney': mpesa, emola, mkesh
src/services/profileService.ts(152,15): error TS2345: Argument of type 'Record<string, unknown>' is not assignable to parameter of type 'RejectExcessProperties<{ cargo?: string | null | undefined; contacto?: string | null | undefined; cor_primaria?: string | null | undefined; created_at?: string | undefined; dados_bancarios?: Json | undefined; ... 11 more ...; updated_at?: string | undefined; }, Record<...>>'.
  Type 'Record<string, unknown>' is not assignable to type '{ [x: string]: never; }'.
    'string' index signatures are incompatible.
      Type 'unknown' is not assignable to type 'never'.
src/services/propostaService.ts(140,7): error TS2322: Type 'string | null' is not assignable to type 'string'.
  Type 'null' is not assignable to type 'string'.
src/services/propostaService.ts(143,22): error TS2339: Property 'validade' does not exist on type '{ client_id: string; cliente_snapshot: Json; created_at: string; data: string; desconto_tipo: "percentual" | "valor"; desconto_valor: number; id: string; iva_percentual: number; numero: string | null; ... 6 more ...; proposal_items: { ...; }[]; }'.
src/services/propostaService.ts(151,7): error TS2322: Type 'Json' is not assignable to type 'Record<string, unknown> | null'.
  Type 'string' is not assignable to type 'Record<string, unknown>'.
src/services/propostaService.ts(194,8): error TS2769: No overload matches this call.
  Overload 1 of 2, '(values: RejectExcessProperties<{ client_id: string; cliente_snapshot?: Json | undefined; created_at?: string | undefined; data?: string | undefined; desconto_tipo?: "percentual" | "valor" | undefined; ... 9 more ...; updated_at?: string | undefined; }, { ...; }>, options?: { ...; } | undefined): PostgrestFilterBuilder<...>', gave the following error.
    Argument of type '{ owner_id: string; client_id: string; data: string; validade: string | null; observacoes: string | null; subtotal: any; desconto_tipo: DescontoTipo; desconto_valor: number; iva_percentual: number; total: number; cliente_snapshot: { ...; }; }[]' is not assignable to parameter of type 'RejectExcessProperties<{ client_id: string; cliente_snapshot?: Json | undefined; created_at?: string | undefined; data?: string | undefined; desconto_tipo?: "percentual" | "valor" | undefined; desconto_valor?: number | undefined; ... 8 more ...; updated_at?: string | undefined; }, { ...; }>'.
      Type '{ owner_id: string; client_id: string; data: string; validade: string | null; observacoes: string | null; subtotal: any; desconto_tipo: DescontoTipo; desconto_valor: number; iva_percentual: number; total: number; cliente_snapshot: { ...; }; }[]' is missing the following properties from type '{ client_id: string; cliente_snapshot?: Json | undefined; created_at?: string | undefined; data?: string | undefined; desconto_tipo?: "percentual" | "valor" | undefined; desconto_valor?: number | undefined; ... 8 more ...; updated_at?: string | undefined; }': client_id, owner_id
  Overload 2 of 2, '(values: RejectExcessProperties<{ client_id: string; cliente_snapshot?: Json | undefined; created_at?: string | undefined; data?: string | undefined; desconto_tipo?: "percentual" | "valor" | undefined; ... 9 more ...; updated_at?: string | undefined; }, { ...; }>[], options?: { ...; } | undefined): PostgrestFilterBuilder<...>', gave the following error.
    Type 'DescontoTipo' is not assignable to type '"percentual" | "valor" | undefined'.
      Type '"fixo"' is not assignable to type '"percentual" | "valor" | undefined'.
src/services/propostaService.ts(200,26): error TS2339: Property 'subtotal' does not exist on type '{ desconto: number; baseTributavel: number; iva: number; total: number; }'.
src/services/propostaService.ts(235,17): error TS2769: No overload matches this call.
  Overload 1 of 2, '(values: RejectExcessProperties<{ created_at?: string | undefined; id?: string | undefined; nome: string; ordem?: number | undefined; preco_unitario?: number | undefined; proposal_id: string; quantidade?: number | undefined; subtotal?: number | undefined; }, { ...; }>, options?: { ...; } | undefined): PostgrestFilterBuilder<...>', gave the following error.
    Argument of type '{ proposal_id: string; owner_id: string; nome: string; descricao: null; quantidade: number; preco_unitario: number; subtotal: number; ordem: number; }[]' is not assignable to parameter of type 'RejectExcessProperties<{ created_at?: string | undefined; id?: string | undefined; nome: string; ordem?: number | undefined; preco_unitario?: number | undefined; proposal_id: string; quantidade?: number | undefined; subtotal?: number | undefined; }, { ...; }>'.
      Type '{ proposal_id: string; owner_id: string; nome: string; descricao: null; quantidade: number; preco_unitario: number; subtotal: number; ordem: number; }[]' is missing the following properties from type '{ created_at?: string | undefined; id?: string | undefined; nome: string; ordem?: number | undefined; preco_unitario?: number | undefined; proposal_id: string; quantidade?: number | undefined; subtotal?: number | undefined; }': nome, proposal_id
  Overload 2 of 2, '(values: RejectExcessProperties<{ created_at?: string | undefined; id?: string | undefined; nome: string; ordem?: number | undefined; preco_unitario?: number | undefined; proposal_id: string; quantidade?: number | undefined; subtotal?: number | undefined; }, { ...; }>[], options?: { ...; } | undefined): PostgrestFilterBuilder<...>', gave the following error.
    Argument of type '{ proposal_id: string; owner_id: string; nome: string; descricao: null; quantidade: number; preco_unitario: number; subtotal: number; ordem: number; }[]' is not assignable to parameter of type 'RejectExcessProperties<{ created_at?: string | undefined; id?: string | undefined; nome: string; ordem?: number | undefined; preco_unitario?: number | undefined; proposal_id: string; quantidade?: number | undefined; subtotal?: number | undefined; }, { ...; }>[]'.
      Type '{ proposal_id: string; owner_id: string; nome: string; descricao: null; quantidade: number; preco_unitario: number; subtotal: number; ordem: number; }' is not assignable to type 'RejectExcessProperties<{ created_at?: string | undefined; id?: string | undefined; nome: string; ordem?: number | undefined; preco_unitario?: number | undefined; proposal_id: string; quantidade?: number | undefined; subtotal?: number | undefined; }, { ...; }>'.
        Type '{ proposal_id: string; owner_id: string; nome: string; descricao: null; quantidade: number; preco_unitario: number; subtotal: number; ordem: number; }' is not assignable to type '{ owner_id: never; descricao: never; }'.
          Types of property 'owner_id' are incompatible.
            Type 'string' is not assignable to type 'never'.
src/services/propostaService.ts(246,7): error TS2322: Type 'string | null' is not assignable to type 'string'.
  Type 'null' is not assignable to type 'string'.
src/services/propostaService.ts(249,26): error TS2339: Property 'validade' does not exist on type '{ client_id: string; cliente_snapshot: Json; created_at: string; data: string; desconto_tipo: "percentual" | "valor"; desconto_valor: number; id: string; iva_percentual: number; numero: string | null; ... 5 more ...; updated_at: string; }'.
src/services/propostaService.ts(257,7): error TS2322: Type 'Json' is not assignable to type 'Record<string, unknown> | null'.
  Type 'string' is not assignable to type 'Record<string, unknown>'.
src/services/propostaService.ts(292,26): error TS2339: Property 'subtotal' does not exist on type '{ desconto: number; baseTributavel: number; iva: number; total: number; }'.
src/services/propostaService.ts(293,9): error TS2322: Type 'DescontoTipo' is not assignable to type '"percentual" | "valor" | undefined'.
  Type '"fixo"' is not assignable to type '"percentual" | "valor" | undefined'.
src/services/propostaService.ts(322,17): error TS2769: No overload matches this call.
  Overload 1 of 2, '(values: RejectExcessProperties<{ created_at?: string | undefined; id?: string | undefined; nome: string; ordem?: number | undefined; preco_unitario?: number | undefined; proposal_id: string; quantidade?: number | undefined; subtotal?: number | undefined; }, { ...; }>, options?: { ...; } | undefined): PostgrestFilterBuilder<...>', gave the following error.
    Argument of type '{ proposal_id: string; owner_id: string; nome: string; descricao: null; quantidade: number; preco_unitario: number; subtotal: number; ordem: number; }[]' is not assignable to parameter of type 'RejectExcessProperties<{ created_at?: string | undefined; id?: string | undefined; nome: string; ordem?: number | undefined; preco_unitario?: number | undefined; proposal_id: string; quantidade?: number | undefined; subtotal?: number | undefined; }, { ...; }>'.
      Type '{ proposal_id: string; owner_id: string; nome: string; descricao: null; quantidade: number; preco_unitario: number; subtotal: number; ordem: number; }[]' is missing the following properties from type '{ created_at?: string | undefined; id?: string | undefined; nome: string; ordem?: number | undefined; preco_unitario?: number | undefined; proposal_id: string; quantidade?: number | undefined; subtotal?: number | undefined; }': nome, proposal_id
  Overload 2 of 2, '(values: RejectExcessProperties<{ created_at?: string | undefined; id?: string | undefined; nome: string; ordem?: number | undefined; preco_unitario?: number | undefined; proposal_id: string; quantidade?: number | undefined; subtotal?: number | undefined; }, { ...; }>[], options?: { ...; } | undefined): PostgrestFilterBuilder<...>', gave the following error.
    Argument of type '{ proposal_id: string; owner_id: string; nome: string; descricao: null; quantidade: number; preco_unitario: number; subtotal: number; ordem: number; }[]' is not assignable to parameter of type 'RejectExcessProperties<{ created_at?: string | undefined; id?: string | undefined; nome: string; ordem?: number | undefined; preco_unitario?: number | undefined; proposal_id: string; quantidade?: number | undefined; subtotal?: number | undefined; }, { ...; }>[]'.
      Type '{ proposal_id: string; owner_id: string; nome: string; descricao: null; quantidade: number; preco_unitario: number; subtotal: number; ordem: number; }' is not assignable to type 'RejectExcessProperties<{ created_at?: string | undefined; id?: string | undefined; nome: string; ordem?: number | undefined; preco_unitario?: number | undefined; proposal_id: string; quantidade?: number | undefined; subtotal?: number | undefined; }, { ...; }>'.
        Type '{ proposal_id: string; owner_id: string; nome: string; descricao: null; quantidade: number; preco_unitario: number; subtotal: number; ordem: number; }' is not assignable to type '{ owner_id: never; descricao: never; }'.
          Types of property 'owner_id' are incompatible.
            Type 'string' is not assignable to type 'never'.
src/services/propostaService.ts(362,7): error TS2345: Argument of type '{ nome: string; quantidade: number; precoUnitario: number; }[]' is not assignable to parameter of type 'Omit<ItemProposta, "id">[]'.
  Property 'subtotal' is missing in type '{ nome: string; quantidade: number; precoUnitario: number; }' but required in type 'Omit<ItemProposta, "id">'.
src/services/propostaService.ts(372,17): error TS2322: Type 'string' is not assignable to type '"rascunho" | "enviada" | "aceite" | "rejeitada" | undefined'.
